---
http_interactions:
- request:
    method: post
    uri: https://api.stripe.com/v1/charges
    body:
      encoding: US-ASCII
      string: amount=999&currency=usd&description=Sign%20up%20charge%20for%20berenice.gutmann%40roberts.com
    headers:
      Accept:
      - '*/*; q=0.5, application/xml'
      Accept-Encoding:
      - gzip, deflate
      User-Agent:
      - Stripe/v1 RubyBindings/1.11.0
      Authorization:
      - Bearer sk_test_tO8yd15PGNgYGIUMU5Y5Vlgr
      Content-Type:
      - application/x-www-form-urlencoded
      X-Stripe-Client-User-Agent:
      - '{"bindings_version":"1.11.0","lang":"ruby","lang_version":"2.0.0 p247 (2013-06-27)","platform":"x86_64-darwin13.0.0","publisher":"stripe","uname":"Darwin
        johns-air 13.1.0 Darwin Kernel Version 13.1.0: Wed Apr  2 23:52:02 PDT 2014;
        root:xnu-2422.92.1~2/RELEASE_X86_64 x86_64"}'
      Content-Length:
      - '93'
  response:
    status:
      code: 400
      message: Bad Request
    headers:
      Server:
      - nginx
      Date:
      - Tue, 13 May 2014 19:33:11 GMT
      Content-Type:
      - application/json;charset=utf-8
      Content-Length:
      - '122'
      Access-Control-Max-Age:
      - '300'
      Access-Control-Allow-Credentials:
      - 'true'
      Access-Control-Allow-Methods:
      - GET, POST, HEAD, OPTIONS, DELETE
      Cache-Control:
      - no-cache, no-store
      Strict-Transport-Security:
      - max-age=31556926; includeSubDomains
    body:
      encoding: UTF-8
      string: |
        {
          "error": {
            "type": "invalid_request_error",
            "message": "You must supply either a card or a customer id"
          }
        }
    http_version: 
  recorded_at: Tue, 13 May 2014 19:33:11 GMT
- request:
    method: post
    uri: http://127.0.0.1:7055/hub/session/0779f810-7ce6-8f4a-aa31-36b608e6bd27/elements
    body:
      encoding: UTF-8
      string: '{"using":"xpath","value":".//input[./@type = ''submit'' or ./@type
        = ''reset'' or ./@type = ''image'' or ./@type = ''button''][((./@id = ''Register''
        or ./@value = ''Register'') or ./@title = ''Register'')] | .//input[./@type
        = ''image''][./@alt = ''Register''] | .//button[(((./@id = ''Register'' or
        ./@value = ''Register'') or normalize-space(string(.)) = ''Register'') or
        ./@title = ''Register'')] | .//input[./@type = ''image''][./@alt = ''Register'']"}'
    headers:
      Accept:
      - application/json
      Content-Type:
      - application/json; charset=utf-8
      Content-Length:
      - '427'
      Accept-Encoding:
      - gzip;q=1.0,deflate;q=0.6,identity;q=0.3
      User-Agent:
      - Ruby
  response:
    status:
      code: 200
      message: OK
    headers:
      Content-Type:
      - application/json; charset=UTF-8
      Connection:
      - close
      Content-Length:
      - '148'
      Server:
      - httpd.js
      Date:
      - Tue, 13 May 2014 21:03:41 GMT
    body:
      encoding: UTF-8
      string: '{"name":"findElements","sessionId":"0779f810-7ce6-8f4a-aa31-36b608e6bd27","status":0,"value":[{"ELEMENT":"{ff0c5d92-28fc-f44a-b346-e9c5ef13b47e}"}]}'
    http_version: 
  recorded_at: Tue, 13 May 2014 21:03:41 GMT
- request:
    method: get
    uri: http://127.0.0.1:7055/hub/session/0779f810-7ce6-8f4a-aa31-36b608e6bd27/element/%7Bff0c5d92-28fc-f44a-b346-e9c5ef13b47e%7D/displayed
    body:
      encoding: US-ASCII
      string: ''
    headers:
      Accept:
      - application/json
      Cache-Control:
      - no-cache
      Accept-Encoding:
      - gzip;q=1.0,deflate;q=0.6,identity;q=0.3
      User-Agent:
      - Ruby
  response:
    status:
      code: 200
      message: OK
    headers:
      Content-Type:
      - application/json; charset=UTF-8
      Connection:
      - close
      Content-Length:
      - '104'
      Server:
      - httpd.js
      Date:
      - Tue, 13 May 2014 21:03:41 GMT
    body:
      encoding: UTF-8
      string: '{"name":"isElementDisplayed","sessionId":"0779f810-7ce6-8f4a-aa31-36b608e6bd27","status":0,"value":true}'
    http_version: 
  recorded_at: Tue, 13 May 2014 21:03:41 GMT
- request:
    method: get
    uri: http://127.0.0.1:7055/hub/session/0779f810-7ce6-8f4a-aa31-36b608e6bd27/element/%7Bff0c5d92-28fc-f44a-b346-e9c5ef13b47e%7D/enabled
    body:
      encoding: US-ASCII
      string: ''
    headers:
      Accept:
      - application/json
      Cache-Control:
      - no-cache
      Accept-Encoding:
      - gzip;q=1.0,deflate;q=0.6,identity;q=0.3
      User-Agent:
      - Ruby
  response:
    status:
      code: 200
      message: OK
    headers:
      Content-Type:
      - application/json; charset=UTF-8
      Connection:
      - close
      Content-Length:
      - '102'
      Server:
      - httpd.js
      Date:
      - Tue, 13 May 2014 21:03:41 GMT
    body:
      encoding: UTF-8
      string: '{"name":"isElementEnabled","sessionId":"0779f810-7ce6-8f4a-aa31-36b608e6bd27","status":0,"value":true}'
    http_version: 
  recorded_at: Tue, 13 May 2014 21:03:41 GMT
- request:
    method: post
    uri: http://127.0.0.1:7055/hub/session/0779f810-7ce6-8f4a-aa31-36b608e6bd27/element/%7Bff0c5d92-28fc-f44a-b346-e9c5ef13b47e%7D/click
    body:
      encoding: UTF-8
      string: '{}'
    headers:
      Accept:
      - application/json
      Content-Length:
      - '2'
      Accept-Encoding:
      - gzip;q=1.0,deflate;q=0.6,identity;q=0.3
      User-Agent:
      - Ruby
  response:
    status:
      code: 200
      message: OK
    headers:
      Content-Type:
      - application/json; charset=UTF-8
      Connection:
      - close
      Content-Length:
      - '98'
      Server:
      - httpd.js
      Date:
      - Tue, 13 May 2014 21:03:41 GMT
    body:
      encoding: UTF-8
      string: '{"name":"clickElement","sessionId":"0779f810-7ce6-8f4a-aa31-36b608e6bd27","status":0,"value":"ok"}'
    http_version: 
  recorded_at: Tue, 13 May 2014 21:03:41 GMT
- request:
    method: post
    uri: http://127.0.0.1:7055/hub/session/622b11f9-a6e4-9b4e-970e-82a551ea4e1a/elements
    body:
      encoding: UTF-8
      string: '{"using":"xpath","value":".//input[./@type = ''submit'' or ./@type
        = ''reset'' or ./@type = ''image'' or ./@type = ''button''][((./@id = ''Register''
        or ./@value = ''Register'') or ./@title = ''Register'')] | .//input[./@type
        = ''image''][./@alt = ''Register''] | .//button[(((./@id = ''Register'' or
        ./@value = ''Register'') or normalize-space(string(.)) = ''Register'') or
        ./@title = ''Register'')] | .//input[./@type = ''image''][./@alt = ''Register'']"}'
    headers:
      Accept:
      - application/json
      Content-Type:
      - application/json; charset=utf-8
      Content-Length:
      - '427'
      Accept-Encoding:
      - gzip;q=1.0,deflate;q=0.6,identity;q=0.3
      User-Agent:
      - Ruby
  response:
    status:
      code: 200
      message: OK
    headers:
      Content-Type:
      - application/json; charset=UTF-8
      Connection:
      - close
      Content-Length:
      - '148'
      Server:
      - httpd.js
      Date:
      - Tue, 13 May 2014 21:04:07 GMT
    body:
      encoding: UTF-8
      string: '{"name":"findElements","sessionId":"622b11f9-a6e4-9b4e-970e-82a551ea4e1a","status":0,"value":[{"ELEMENT":"{aebb76d7-e5f8-5d42-870a-f7d59a10a84e}"}]}'
    http_version: 
  recorded_at: Tue, 13 May 2014 21:04:07 GMT
- request:
    method: get
    uri: http://127.0.0.1:7055/hub/session/622b11f9-a6e4-9b4e-970e-82a551ea4e1a/element/%7Baebb76d7-e5f8-5d42-870a-f7d59a10a84e%7D/displayed
    body:
      encoding: US-ASCII
      string: ''
    headers:
      Accept:
      - application/json
      Cache-Control:
      - no-cache
      Accept-Encoding:
      - gzip;q=1.0,deflate;q=0.6,identity;q=0.3
      User-Agent:
      - Ruby
  response:
    status:
      code: 200
      message: OK
    headers:
      Content-Type:
      - application/json; charset=UTF-8
      Connection:
      - close
      Content-Length:
      - '104'
      Server:
      - httpd.js
      Date:
      - Tue, 13 May 2014 21:04:07 GMT
    body:
      encoding: UTF-8
      string: '{"name":"isElementDisplayed","sessionId":"622b11f9-a6e4-9b4e-970e-82a551ea4e1a","status":0,"value":true}'
    http_version: 
  recorded_at: Tue, 13 May 2014 21:04:07 GMT
- request:
    method: get
    uri: http://127.0.0.1:7055/hub/session/622b11f9-a6e4-9b4e-970e-82a551ea4e1a/element/%7Baebb76d7-e5f8-5d42-870a-f7d59a10a84e%7D/enabled
    body:
      encoding: US-ASCII
      string: ''
    headers:
      Accept:
      - application/json
      Cache-Control:
      - no-cache
      Accept-Encoding:
      - gzip;q=1.0,deflate;q=0.6,identity;q=0.3
      User-Agent:
      - Ruby
  response:
    status:
      code: 200
      message: OK
    headers:
      Content-Type:
      - application/json; charset=UTF-8
      Connection:
      - close
      Content-Length:
      - '102'
      Server:
      - httpd.js
      Date:
      - Tue, 13 May 2014 21:04:07 GMT
    body:
      encoding: UTF-8
      string: '{"name":"isElementEnabled","sessionId":"622b11f9-a6e4-9b4e-970e-82a551ea4e1a","status":0,"value":true}'
    http_version: 
  recorded_at: Tue, 13 May 2014 21:04:07 GMT
- request:
    method: post
    uri: http://127.0.0.1:7055/hub/session/622b11f9-a6e4-9b4e-970e-82a551ea4e1a/element/%7Baebb76d7-e5f8-5d42-870a-f7d59a10a84e%7D/click
    body:
      encoding: UTF-8
      string: '{}'
    headers:
      Accept:
      - application/json
      Content-Length:
      - '2'
      Accept-Encoding:
      - gzip;q=1.0,deflate;q=0.6,identity;q=0.3
      User-Agent:
      - Ruby
  response:
    status:
      code: 200
      message: OK
    headers:
      Content-Type:
      - application/json; charset=UTF-8
      Connection:
      - close
      Content-Length:
      - '98'
      Server:
      - httpd.js
      Date:
      - Tue, 13 May 2014 21:04:07 GMT
    body:
      encoding: UTF-8
      string: '{"name":"clickElement","sessionId":"622b11f9-a6e4-9b4e-970e-82a551ea4e1a","status":0,"value":"ok"}'
    http_version: 
  recorded_at: Tue, 13 May 2014 21:04:07 GMT
- request:
    method: post
    uri: http://127.0.0.1:7055/hub/session/5a232884-707d-4946-aa5f-c885911bad6c/elements
    body:
      encoding: UTF-8
      string: '{"using":"xpath","value":".//input[./@type = ''submit'' or ./@type
        = ''reset'' or ./@type = ''image'' or ./@type = ''button''][((./@id = ''Register''
        or ./@value = ''Register'') or ./@title = ''Register'')] | .//input[./@type
        = ''image''][./@alt = ''Register''] | .//button[(((./@id = ''Register'' or
        ./@value = ''Register'') or normalize-space(string(.)) = ''Register'') or
        ./@title = ''Register'')] | .//input[./@type = ''image''][./@alt = ''Register'']"}'
    headers:
      Accept:
      - application/json
      Content-Type:
      - application/json; charset=utf-8
      Content-Length:
      - '427'
      Accept-Encoding:
      - gzip;q=1.0,deflate;q=0.6,identity;q=0.3
      User-Agent:
      - Ruby
  response:
    status:
      code: 200
      message: OK
    headers:
      Content-Type:
      - application/json; charset=UTF-8
      Connection:
      - close
      Content-Length:
      - '148'
      Server:
      - httpd.js
      Date:
      - Tue, 13 May 2014 21:04:38 GMT
    body:
      encoding: UTF-8
      string: '{"name":"findElements","sessionId":"5a232884-707d-4946-aa5f-c885911bad6c","status":0,"value":[{"ELEMENT":"{19fb6e1e-c9c0-7c47-b398-15d701e09ed1}"}]}'
    http_version: 
  recorded_at: Tue, 13 May 2014 21:04:38 GMT
- request:
    method: get
    uri: http://127.0.0.1:7055/hub/session/5a232884-707d-4946-aa5f-c885911bad6c/element/%7B19fb6e1e-c9c0-7c47-b398-15d701e09ed1%7D/displayed
    body:
      encoding: US-ASCII
      string: ''
    headers:
      Accept:
      - application/json
      Cache-Control:
      - no-cache
      Accept-Encoding:
      - gzip;q=1.0,deflate;q=0.6,identity;q=0.3
      User-Agent:
      - Ruby
  response:
    status:
      code: 200
      message: OK
    headers:
      Content-Type:
      - application/json; charset=UTF-8
      Connection:
      - close
      Content-Length:
      - '104'
      Server:
      - httpd.js
      Date:
      - Tue, 13 May 2014 21:04:38 GMT
    body:
      encoding: UTF-8
      string: '{"name":"isElementDisplayed","sessionId":"5a232884-707d-4946-aa5f-c885911bad6c","status":0,"value":true}'
    http_version: 
  recorded_at: Tue, 13 May 2014 21:04:38 GMT
- request:
    method: get
    uri: http://127.0.0.1:7055/hub/session/5a232884-707d-4946-aa5f-c885911bad6c/element/%7B19fb6e1e-c9c0-7c47-b398-15d701e09ed1%7D/enabled
    body:
      encoding: US-ASCII
      string: ''
    headers:
      Accept:
      - application/json
      Cache-Control:
      - no-cache
      Accept-Encoding:
      - gzip;q=1.0,deflate;q=0.6,identity;q=0.3
      User-Agent:
      - Ruby
  response:
    status:
      code: 200
      message: OK
    headers:
      Content-Type:
      - application/json; charset=UTF-8
      Connection:
      - close
      Content-Length:
      - '102'
      Server:
      - httpd.js
      Date:
      - Tue, 13 May 2014 21:04:38 GMT
    body:
      encoding: UTF-8
      string: '{"name":"isElementEnabled","sessionId":"5a232884-707d-4946-aa5f-c885911bad6c","status":0,"value":true}'
    http_version: 
  recorded_at: Tue, 13 May 2014 21:04:38 GMT
- request:
    method: post
    uri: http://127.0.0.1:7055/hub/session/5a232884-707d-4946-aa5f-c885911bad6c/element/%7B19fb6e1e-c9c0-7c47-b398-15d701e09ed1%7D/click
    body:
      encoding: UTF-8
      string: '{}'
    headers:
      Accept:
      - application/json
      Content-Length:
      - '2'
      Accept-Encoding:
      - gzip;q=1.0,deflate;q=0.6,identity;q=0.3
      User-Agent:
      - Ruby
  response:
    status:
      code: 200
      message: OK
    headers:
      Content-Type:
      - application/json; charset=UTF-8
      Connection:
      - close
      Content-Length:
      - '98'
      Server:
      - httpd.js
      Date:
      - Tue, 13 May 2014 21:04:38 GMT
    body:
      encoding: UTF-8
      string: '{"name":"clickElement","sessionId":"5a232884-707d-4946-aa5f-c885911bad6c","status":0,"value":"ok"}'
    http_version: 
  recorded_at: Tue, 13 May 2014 21:04:38 GMT
- request:
    method: post
    uri: http://127.0.0.1:7055/hub/session/34063cf4-72e1-414a-9c5a-6b6721989ea8/elements
    body:
      encoding: UTF-8
      string: '{"using":"xpath","value":".//input[./@type = ''submit'' or ./@type
        = ''reset'' or ./@type = ''image'' or ./@type = ''button''][((./@id = ''Register''
        or ./@value = ''Register'') or ./@title = ''Register'')] | .//input[./@type
        = ''image''][./@alt = ''Register''] | .//button[(((./@id = ''Register'' or
        ./@value = ''Register'') or normalize-space(string(.)) = ''Register'') or
        ./@title = ''Register'')] | .//input[./@type = ''image''][./@alt = ''Register'']"}'
    headers:
      Accept:
      - application/json
      Content-Type:
      - application/json; charset=utf-8
      Content-Length:
      - '427'
      Accept-Encoding:
      - gzip;q=1.0,deflate;q=0.6,identity;q=0.3
      User-Agent:
      - Ruby
  response:
    status:
      code: 200
      message: OK
    headers:
      Content-Type:
      - application/json; charset=UTF-8
      Connection:
      - close
      Content-Length:
      - '148'
      Server:
      - httpd.js
      Date:
      - Tue, 13 May 2014 21:05:10 GMT
    body:
      encoding: UTF-8
      string: '{"name":"findElements","sessionId":"34063cf4-72e1-414a-9c5a-6b6721989ea8","status":0,"value":[{"ELEMENT":"{0606ea47-1775-9b46-87ed-997e9d24dace}"}]}'
    http_version: 
  recorded_at: Tue, 13 May 2014 21:05:10 GMT
- request:
    method: get
    uri: http://127.0.0.1:7055/hub/session/34063cf4-72e1-414a-9c5a-6b6721989ea8/element/%7B0606ea47-1775-9b46-87ed-997e9d24dace%7D/displayed
    body:
      encoding: US-ASCII
      string: ''
    headers:
      Accept:
      - application/json
      Cache-Control:
      - no-cache
      Accept-Encoding:
      - gzip;q=1.0,deflate;q=0.6,identity;q=0.3
      User-Agent:
      - Ruby
  response:
    status:
      code: 200
      message: OK
    headers:
      Content-Type:
      - application/json; charset=UTF-8
      Connection:
      - close
      Content-Length:
      - '104'
      Server:
      - httpd.js
      Date:
      - Tue, 13 May 2014 21:05:11 GMT
    body:
      encoding: UTF-8
      string: '{"name":"isElementDisplayed","sessionId":"34063cf4-72e1-414a-9c5a-6b6721989ea8","status":0,"value":true}'
    http_version: 
  recorded_at: Tue, 13 May 2014 21:05:11 GMT
- request:
    method: get
    uri: http://127.0.0.1:7055/hub/session/34063cf4-72e1-414a-9c5a-6b6721989ea8/element/%7B0606ea47-1775-9b46-87ed-997e9d24dace%7D/enabled
    body:
      encoding: US-ASCII
      string: ''
    headers:
      Accept:
      - application/json
      Cache-Control:
      - no-cache
      Accept-Encoding:
      - gzip;q=1.0,deflate;q=0.6,identity;q=0.3
      User-Agent:
      - Ruby
  response:
    status:
      code: 200
      message: OK
    headers:
      Content-Type:
      - application/json; charset=UTF-8
      Connection:
      - close
      Content-Length:
      - '102'
      Server:
      - httpd.js
      Date:
      - Tue, 13 May 2014 21:05:11 GMT
    body:
      encoding: UTF-8
      string: '{"name":"isElementEnabled","sessionId":"34063cf4-72e1-414a-9c5a-6b6721989ea8","status":0,"value":true}'
    http_version: 
  recorded_at: Tue, 13 May 2014 21:05:11 GMT
- request:
    method: post
    uri: http://127.0.0.1:7055/hub/session/34063cf4-72e1-414a-9c5a-6b6721989ea8/element/%7B0606ea47-1775-9b46-87ed-997e9d24dace%7D/click
    body:
      encoding: UTF-8
      string: '{}'
    headers:
      Accept:
      - application/json
      Content-Length:
      - '2'
      Accept-Encoding:
      - gzip;q=1.0,deflate;q=0.6,identity;q=0.3
      User-Agent:
      - Ruby
  response:
    status:
      code: 200
      message: OK
    headers:
      Content-Type:
      - application/json; charset=UTF-8
      Connection:
      - close
      Content-Length:
      - '98'
      Server:
      - httpd.js
      Date:
      - Tue, 13 May 2014 21:05:11 GMT
    body:
      encoding: UTF-8
      string: '{"name":"clickElement","sessionId":"34063cf4-72e1-414a-9c5a-6b6721989ea8","status":0,"value":"ok"}'
    http_version: 
  recorded_at: Tue, 13 May 2014 21:05:11 GMT
recorded_with: VCR 2.9.0
